client,available,held,total,locked
1,5.0,0,5.0,false
2,0.0,2.0,2.0,false
