client,available,held,total,locked
1,0.0,0.0,0.0,true
2,2.0,0.0,2.0,false
