client,available,held,total,locked
1,0.0,0.0,0.0,true
2,18.0,0.0,18.0,false
