client,available,held,total,locked
1,4.0,0,4.0,false
