client,available,held,total,locked
0,5.0,0,5.0,false
1,6.0,0,6.0,false
2,3.0,0,3.0,false
65535,2.0,0,2.0,false
